1/4 assembling document model ...
Consider using the pymupdf_layout package for a greatly improved page layout analysis.
  page 51/613
  page 101/613
  page 151/613
  page 201/613
  page 251/613
  page 301/613
  page 351/613
  page 401/613
  page 451/613
  page 501/613
  page 551/613
  page 601/613
2/4 rendering figures and tables ...
    223 figures and tables
3/4 rendering mathematics ...
rendered 200 / 201, 1 failures
  FAIL m00395: Double subscripts: use braces to clarify :: X_{j} \hat{\beta}_{j}^{R}_{,\lambda}
    200 equations as SVG, 671 as cropped images
4/4 writing XHTML ...
wrote /home/gova/tmp/islp/output/ISLP-v1.epub (9.9 MB)
